SemanticError: 
Constant(type=string,
         value=value,
         uc_type=)
Is not a variable @ 5:9
