SemanticError: Assignment operator += is not supported by type(char) @ 3:5
