SemanticError: Cannot assign type(float) to type(int) @ 5:9
