SemanticError: type(float) must be of type(int) @ 6:11
