SemanticError: arr initialization type mismatch @ 2:7
