LexToken(INT,'int',1,0)
LexToken(ID,'main',1,4)
LexToken(LPAREN,'(',1,8)
LexToken(RPAREN,')',1,9)
LexToken(LBRACE,'{',1,11)
LexToken(INT,'int',2,17)
LexToken(ID,'n',2,21)
LexToken(COMMA,',',2,22)
LexToken(ID,'reverse',2,24)
LexToken(EQUALS,'=',2,32)
LexToken(INT_CONST,'0',2,34)
LexToken(COMMA,',',2,35)
LexToken(ID,'rem',2,37)
LexToken(SEMI,';',2,40)
LexToken(PRINT,'print',3,46)
LexToken(LPAREN,'(',3,51)
LexToken(STRING_LITERAL,'Enter a number: ',3,52)
LexToken(RPAREN,')',3,70)
LexToken(SEMI,';',3,71)
LexToken(READ,'read',4,77)
LexToken(LPAREN,'(',4,81)
LexToken(ID,'n',4,82)
LexToken(RPAREN,')',4,83)
LexToken(SEMI,';',4,84)
LexToken(WHILE,'while',5,90)
LexToken(LPAREN,'(',5,96)
LexToken(ID,'n',5,97)
LexToken(NE,'!=',5,99)
LexToken(INT_CONST,'0',5,102)
LexToken(RPAREN,')',5,103)
LexToken(LBRACE,'{',5,105)
LexToken(ID,'rem',6,115)
LexToken(EQUALS,'=',6,119)
LexToken(ID,'n',6,121)
LexToken(MOD,'%',6,123)
LexToken(INT_CONST,'10',6,125)
LexToken(SEMI,';',6,127)
LexToken(ID,'reverse',7,137)
LexToken(EQUALS,'=',7,145)
LexToken(ID,'reverse',7,147)
LexToken(TIMES,'*',7,155)
LexToken(INT_CONST,'10',7,157)
LexToken(PLUS,'+',7,160)
LexToken(ID,'rem',7,162)
LexToken(SEMI,';',7,165)
LexToken(ID,'n',8,175)
LexToken(DIVEQUAL,'/=',8,177)
LexToken(INT_CONST,'10',8,180)
LexToken(SEMI,';',8,182)
LexToken(RBRACE,'}',9,188)
LexToken(PRINT,'print',10,194)
LexToken(LPAREN,'(',10,199)
LexToken(STRING_LITERAL,'Reversed Number: ',10,200)
LexToken(COMMA,',',10,219)
LexToken(ID,'reverse',10,221)
LexToken(RPAREN,')',10,228)
LexToken(SEMI,';',10,229)
LexToken(RETURN,'return',11,235)
LexToken(INT_CONST,'0',11,242)
LexToken(SEMI,';',11,243)
LexToken(RBRACE,'}',12,245)
