LexToken(INT,'int',2,52)
LexToken(ID,'main',2,56)
LexToken(LPAREN,'(',2,60)
LexToken(RPAREN,')',2,61)
LexToken(LBRACE,'{',2,63)
LexToken(INT,'int',3,69)
LexToken(ID,'n',3,73)
LexToken(COMMA,',',3,74)
LexToken(ID,'i',3,76)
LexToken(SEMI,';',3,77)
LexToken(FLOAT,'float',4,83)
LexToken(ID,'num',4,89)
LexToken(LBRACKET,'[',4,92)
LexToken(INT_CONST,'100',4,93)
LexToken(RBRACKET,']',4,96)
LexToken(COMMA,',',4,97)
LexToken(ID,'sum',4,99)
LexToken(EQUALS,'=',4,103)
LexToken(FLOAT_CONST,'0.0',4,105)
LexToken(COMMA,',',4,108)
LexToken(ID,'avg',4,110)
LexToken(SEMI,';',4,113)
LexToken(PRINT,'print',6,120)
LexToken(LPAREN,'(',6,125)
LexToken(STRING_LITERAL,'Enter the numbers of elements: ',6,126)
LexToken(RPAREN,')',6,159)
LexToken(SEMI,';',6,160)
LexToken(READ,'read',7,166)
LexToken(LPAREN,'(',7,170)
LexToken(ID,'n',7,171)
LexToken(RPAREN,')',7,172)
LexToken(SEMI,';',7,173)
LexToken(WHILE,'while',9,180)
LexToken(LPAREN,'(',9,186)
LexToken(ID,'n',9,187)
LexToken(GT,'>',9,189)
LexToken(INT_CONST,'100',9,191)
LexToken(OR,'||',9,195)
LexToken(ID,'n',9,198)
LexToken(LT,'<',9,200)
LexToken(INT_CONST,'1',9,202)
LexToken(RPAREN,')',9,203)
LexToken(LBRACE,'{',9,205)
LexToken(PRINT,'print',10,215)
LexToken(LPAREN,'(',10,220)
LexToken(STRING_LITERAL,'Error! number should in range of (1 to 100).\\n',10,221)
LexToken(RPAREN,')',10,269)
LexToken(SEMI,';',10,270)
LexToken(PRINT,'print',11,280)
LexToken(LPAREN,'(',11,285)
LexToken(STRING_LITERAL,'Enter the number again: ',11,286)
LexToken(RPAREN,')',11,312)
LexToken(SEMI,';',11,313)
LexToken(READ,'read',12,323)
LexToken(LPAREN,'(',12,327)
LexToken(ID,'n',12,328)
LexToken(RPAREN,')',12,329)
LexToken(SEMI,';',12,330)
LexToken(RBRACE,'}',13,336)
LexToken(FOR,'for',15,343)
LexToken(LPAREN,'(',15,347)
LexToken(ID,'i',15,348)
LexToken(EQUALS,'=',15,350)
LexToken(INT_CONST,'0',15,352)
LexToken(SEMI,';',15,353)
LexToken(ID,'i',15,355)
LexToken(LT,'<',15,357)
LexToken(ID,'n',15,359)
LexToken(SEMI,';',15,360)
LexToken(PLUSPLUS,'++',15,362)
LexToken(ID,'i',15,364)
LexToken(RPAREN,')',15,365)
LexToken(LBRACE,'{',15,367)
LexToken(PRINT,'print',16,377)
LexToken(LPAREN,'(',16,382)
LexToken(ID,'i',16,383)
LexToken(PLUS,'+',16,385)
LexToken(INT_CONST,'1',16,387)
LexToken(COMMA,',',16,388)
LexToken(STRING_LITERAL,'Enter number: ',16,390)
LexToken(RPAREN,')',16,406)
LexToken(SEMI,';',16,407)
LexToken(READ,'read',17,417)
LexToken(LPAREN,'(',17,421)
LexToken(ID,'num',17,422)
LexToken(LBRACKET,'[',17,425)
LexToken(ID,'i',17,426)
LexToken(RBRACKET,']',17,427)
LexToken(RPAREN,')',17,428)
LexToken(SEMI,';',17,429)
LexToken(ID,'sum',18,439)
LexToken(PLUSEQUAL,'+=',18,443)
LexToken(ID,'num',18,446)
LexToken(LBRACKET,'[',18,449)
LexToken(ID,'i',18,450)
LexToken(RBRACKET,']',18,451)
LexToken(SEMI,';',18,452)
LexToken(RBRACE,'}',19,458)
LexToken(ID,'avg',21,465)
LexToken(EQUALS,'=',21,469)
LexToken(ID,'sum',21,471)
LexToken(DIVIDE,'/',21,475)
LexToken(ID,'n',21,477)
LexToken(SEMI,';',21,478)
LexToken(PRINT,'print',22,484)
LexToken(LPAREN,'(',22,489)
LexToken(STRING_LITERAL,'Average = ',22,490)
LexToken(COMMA,',',22,502)
LexToken(ID,'avg',22,504)
LexToken(RPAREN,')',22,507)
LexToken(SEMI,';',22,508)
LexToken(RETURN,'return',23,514)
LexToken(INT_CONST,'0',23,521)
LexToken(SEMI,';',23,522)
LexToken(RBRACE,'}',24,524)
