LexToken(INT,'int',2,34)
LexToken(ID,'main',2,38)
LexToken(LPAREN,'(',2,42)
LexToken(RPAREN,')',2,43)
LexToken(LBRACE,'{',2,45)
LexToken(INT,'int',3,51)
LexToken(ID,'a',3,55)
LexToken(LBRACKET,'[',3,56)
LexToken(INT_CONST,'10',3,57)
LexToken(RBRACKET,']',3,59)
LexToken(LBRACKET,'[',3,60)
LexToken(INT_CONST,'10',3,61)
LexToken(RBRACKET,']',3,63)
LexToken(COMMA,',',3,64)
LexToken(ID,'transpose',3,66)
LexToken(LBRACKET,'[',3,75)
LexToken(INT_CONST,'10',3,76)
LexToken(RBRACKET,']',3,78)
LexToken(LBRACKET,'[',3,79)
LexToken(INT_CONST,'10',3,80)
LexToken(RBRACKET,']',3,82)
LexToken(COMMA,',',3,83)
LexToken(ID,'r',3,85)
LexToken(COMMA,',',3,86)
LexToken(ID,'c',3,88)
LexToken(COMMA,',',3,89)
LexToken(ID,'i',3,91)
LexToken(COMMA,',',3,92)
LexToken(ID,'j',3,94)
LexToken(SEMI,';',3,95)
LexToken(PRINT,'print',4,101)
LexToken(LPAREN,'(',4,106)
LexToken(STRING_LITERAL,'Enter rows and columns: ',4,107)
LexToken(RPAREN,')',4,133)
LexToken(SEMI,';',4,134)
LexToken(READ,'read',5,140)
LexToken(LPAREN,'(',5,144)
LexToken(ID,'r',5,145)
LexToken(COMMA,',',5,146)
LexToken(ID,'c',5,148)
LexToken(RPAREN,')',5,149)
LexToken(SEMI,';',5,150)
LexToken(PRINT,'print',8,197)
LexToken(LPAREN,'(',8,202)
LexToken(STRING_LITERAL,'\\nEnter matrix elements:\\n',8,203)
LexToken(RPAREN,')',8,231)
LexToken(SEMI,';',8,232)
LexToken(FOR,'for',9,238)
LexToken(LPAREN,'(',9,242)
LexToken(ID,'i',9,243)
LexToken(EQUALS,'=',9,245)
LexToken(INT_CONST,'0',9,247)
LexToken(SEMI,';',9,248)
LexToken(ID,'i',9,250)
LexToken(LT,'<',9,252)
LexToken(ID,'r',9,254)
LexToken(SEMI,';',9,255)
LexToken(PLUSPLUS,'++',9,257)
LexToken(ID,'i',9,259)
LexToken(RPAREN,')',9,260)
LexToken(FOR,'for',10,270)
LexToken(LPAREN,'(',10,274)
LexToken(ID,'j',10,275)
LexToken(EQUALS,'=',10,277)
LexToken(INT_CONST,'0',10,279)
LexToken(SEMI,';',10,280)
LexToken(ID,'j',10,282)
LexToken(LT,'<',10,284)
LexToken(ID,'c',10,286)
LexToken(SEMI,';',10,287)
LexToken(PLUSPLUS,'++',10,289)
LexToken(ID,'j',10,291)
LexToken(RPAREN,')',10,292)
LexToken(LBRACE,'{',10,294)
LexToken(PRINT,'print',11,308)
LexToken(LPAREN,'(',11,313)
LexToken(STRING_LITERAL,'Enter element [',11,314)
LexToken(COMMA,',',11,331)
LexToken(ID,'i',11,333)
LexToken(PLUS,'+',11,335)
LexToken(INT_CONST,'1',11,337)
LexToken(COMMA,',',11,338)
LexToken(ID,'j',11,340)
LexToken(PLUS,'+',11,342)
LexToken(INT_CONST,'1',11,344)
LexToken(COMMA,',',11,345)
LexToken(STRING_LITERAL,']: ',11,347)
LexToken(RPAREN,')',11,352)
LexToken(SEMI,';',11,353)
LexToken(READ,'read',12,367)
LexToken(LPAREN,'(',12,371)
LexToken(ID,'a',12,372)
LexToken(LBRACKET,'[',12,373)
LexToken(ID,'i',12,374)
LexToken(RBRACKET,']',12,375)
LexToken(LBRACKET,'[',12,376)
LexToken(ID,'j',12,377)
LexToken(RBRACKET,']',12,378)
LexToken(RPAREN,')',12,379)
LexToken(SEMI,';',12,380)
LexToken(RBRACE,'}',13,390)
LexToken(PRINT,'print',16,432)
LexToken(LPAREN,'(',16,437)
LexToken(STRING_LITERAL,'\\nEntered matrix: \\n',16,438)
LexToken(RPAREN,')',16,460)
LexToken(SEMI,';',16,461)
LexToken(FOR,'for',17,467)
LexToken(LPAREN,'(',17,471)
LexToken(ID,'i',17,472)
LexToken(EQUALS,'=',17,474)
LexToken(INT_CONST,'0',17,476)
LexToken(SEMI,';',17,477)
LexToken(ID,'i',17,479)
LexToken(LT,'<',17,481)
LexToken(ID,'r',17,483)
LexToken(SEMI,';',17,484)
LexToken(PLUSPLUS,'++',17,486)
LexToken(ID,'i',17,488)
LexToken(RPAREN,')',17,489)
LexToken(FOR,'for',18,499)
LexToken(LPAREN,'(',18,503)
LexToken(ID,'j',18,504)
LexToken(EQUALS,'=',18,506)
LexToken(INT_CONST,'0',18,508)
LexToken(SEMI,';',18,509)
LexToken(ID,'j',18,511)
LexToken(LT,'<',18,513)
LexToken(ID,'c',18,515)
LexToken(SEMI,';',18,516)
LexToken(PLUSPLUS,'++',18,518)
LexToken(ID,'j',18,520)
LexToken(RPAREN,')',18,521)
LexToken(LBRACE,'{',18,523)
LexToken(PRINT,'print',19,537)
LexToken(LPAREN,'(',19,542)
LexToken(ID,'a',19,543)
LexToken(LBRACKET,'[',19,544)
LexToken(ID,'i',19,545)
LexToken(RBRACKET,']',19,546)
LexToken(LBRACKET,'[',19,547)
LexToken(ID,'j',19,548)
LexToken(RBRACKET,']',19,549)
LexToken(RPAREN,')',19,550)
LexToken(SEMI,';',19,551)
LexToken(IF,'if',20,565)
LexToken(LPAREN,'(',20,568)
LexToken(ID,'j',20,569)
LexToken(EQ,'==',20,571)
LexToken(ID,'c',20,574)
LexToken(MINUS,'-',20,576)
LexToken(INT_CONST,'1',20,578)
LexToken(RPAREN,')',20,579)
LexToken(PRINT,'print',21,597)
LexToken(LPAREN,'(',21,602)
LexToken(RPAREN,')',21,603)
LexToken(SEMI,';',21,604)
LexToken(RBRACE,'}',22,614)
LexToken(FOR,'for',25,662)
LexToken(LPAREN,'(',25,666)
LexToken(ID,'i',25,667)
LexToken(EQUALS,'=',25,669)
LexToken(INT_CONST,'0',25,671)
LexToken(SEMI,';',25,672)
LexToken(ID,'i',25,674)
LexToken(LT,'<',25,676)
LexToken(ID,'r',25,678)
LexToken(SEMI,';',25,679)
LexToken(PLUSPLUS,'++',25,681)
LexToken(ID,'i',25,683)
LexToken(RPAREN,')',25,684)
LexToken(FOR,'for',26,694)
LexToken(LPAREN,'(',26,698)
LexToken(ID,'j',26,699)
LexToken(EQUALS,'=',26,701)
LexToken(INT_CONST,'0',26,703)
LexToken(SEMI,';',26,704)
LexToken(ID,'j',26,706)
LexToken(LT,'<',26,708)
LexToken(ID,'c',26,710)
LexToken(SEMI,';',26,711)
LexToken(PLUSPLUS,'++',26,713)
LexToken(ID,'j',26,715)
LexToken(RPAREN,')',26,716)
LexToken(LBRACE,'{',26,718)
LexToken(ID,'transpose',27,732)
LexToken(LBRACKET,'[',27,741)
LexToken(ID,'j',27,742)
LexToken(RBRACKET,']',27,743)
LexToken(LBRACKET,'[',27,744)
LexToken(ID,'i',27,745)
LexToken(RBRACKET,']',27,746)
LexToken(EQUALS,'=',27,748)
LexToken(ID,'a',27,750)
LexToken(LBRACKET,'[',27,751)
LexToken(ID,'i',27,752)
LexToken(RBRACKET,']',27,753)
LexToken(LBRACKET,'[',27,754)
LexToken(ID,'j',27,755)
LexToken(RBRACKET,']',27,756)
LexToken(SEMI,';',27,757)
LexToken(RBRACE,'}',28,767)
LexToken(PRINT,'print',31,818)
LexToken(LPAREN,'(',31,823)
LexToken(STRING_LITERAL,'\\nTranspose of the matrix:\\n',31,824)
LexToken(RPAREN,')',31,854)
LexToken(SEMI,';',31,855)
LexToken(FOR,'for',32,861)
LexToken(LPAREN,'(',32,865)
LexToken(ID,'i',32,866)
LexToken(EQUALS,'=',32,868)
LexToken(INT_CONST,'0',32,870)
LexToken(SEMI,';',32,871)
LexToken(ID,'i',32,873)
LexToken(LT,'<',32,875)
LexToken(ID,'c',32,877)
LexToken(SEMI,';',32,878)
LexToken(PLUSPLUS,'++',32,880)
LexToken(ID,'i',32,882)
LexToken(RPAREN,')',32,883)
LexToken(FOR,'for',33,893)
LexToken(LPAREN,'(',33,897)
LexToken(ID,'j',33,898)
LexToken(EQUALS,'=',33,900)
LexToken(INT_CONST,'0',33,902)
LexToken(SEMI,';',33,903)
LexToken(ID,'j',33,905)
LexToken(LT,'<',33,907)
LexToken(ID,'r',33,909)
LexToken(SEMI,';',33,910)
LexToken(PLUSPLUS,'++',33,912)
LexToken(ID,'j',33,914)
LexToken(RPAREN,')',33,915)
LexToken(LBRACE,'{',33,917)
LexToken(PRINT,'print',34,931)
LexToken(LPAREN,'(',34,936)
LexToken(ID,'transpose',34,937)
LexToken(LBRACKET,'[',34,946)
LexToken(ID,'i',34,947)
LexToken(RBRACKET,']',34,948)
LexToken(LBRACKET,'[',34,949)
LexToken(ID,'j',34,950)
LexToken(RBRACKET,']',34,951)
LexToken(RPAREN,')',34,952)
LexToken(SEMI,';',34,953)
LexToken(IF,'if',35,967)
LexToken(LPAREN,'(',35,970)
LexToken(ID,'j',35,971)
LexToken(EQ,'==',35,973)
LexToken(ID,'r',35,976)
LexToken(MINUS,'-',35,978)
LexToken(INT_CONST,'1',35,980)
LexToken(RPAREN,')',35,981)
LexToken(PRINT,'print',36,999)
LexToken(LPAREN,'(',36,1004)
LexToken(RPAREN,')',36,1005)
LexToken(SEMI,';',36,1006)
LexToken(RBRACE,'}',37,1016)
LexToken(RETURN,'return',38,1022)
LexToken(INT_CONST,'0',38,1029)
LexToken(SEMI,';',38,1030)
LexToken(RBRACE,'}',39,1032)
