LexToken(INT,'int',8,210)
LexToken(ID,'power',8,214)
LexToken(LPAREN,'(',8,219)
LexToken(INT,'int',8,220)
LexToken(ID,'n',8,224)
LexToken(COMMA,',',8,225)
LexToken(INT,'int',8,227)
LexToken(ID,'r',8,231)
LexToken(RPAREN,')',8,232)
LexToken(LBRACE,'{',8,234)
LexToken(INT,'int',9,238)
LexToken(ID,'p',9,242)
LexToken(EQUALS,'=',9,244)
LexToken(INT_CONST,'1',9,246)
LexToken(SEMI,';',9,247)
LexToken(FOR,'for',10,251)
LexToken(LPAREN,'(',10,255)
LexToken(INT,'int',10,256)
LexToken(ID,'c',10,260)
LexToken(EQUALS,'=',10,262)
LexToken(INT_CONST,'1',10,264)
LexToken(SEMI,';',10,265)
LexToken(ID,'c',10,267)
LexToken(LE,'<=',10,269)
LexToken(ID,'r',10,272)
LexToken(SEMI,';',10,273)
LexToken(ID,'c',10,275)
LexToken(PLUSPLUS,'++',10,276)
LexToken(RPAREN,')',10,278)
LexToken(ID,'p',11,286)
LexToken(EQUALS,'=',11,288)
LexToken(ID,'p',11,290)
LexToken(TIMES,'*',11,291)
LexToken(ID,'n',11,292)
LexToken(SEMI,';',11,293)
LexToken(RETURN,'return',12,297)
LexToken(ID,'p',12,304)
LexToken(SEMI,';',12,305)
LexToken(RBRACE,'}',13,307)
LexToken(INT,'int',15,310)
LexToken(ID,'main',15,314)
LexToken(LPAREN,'(',15,319)
LexToken(RPAREN,')',15,320)
LexToken(LBRACE,'{',15,322)
LexToken(INT,'int',16,328)
LexToken(ID,'n',16,332)
LexToken(COMMA,',',16,333)
LexToken(ID,'sum',16,335)
LexToken(EQUALS,'=',16,339)
LexToken(INT_CONST,'0',16,341)
LexToken(SEMI,';',16,342)
LexToken(INT,'int',17,348)
LexToken(ID,'temp',17,352)
LexToken(COMMA,',',17,356)
LexToken(ID,'remainder',17,358)
LexToken(COMMA,',',17,367)
LexToken(ID,'digits',17,369)
LexToken(EQUALS,'=',17,376)
LexToken(INT_CONST,'0',17,378)
LexToken(SEMI,';',17,379)
LexToken(PRINT,'print',19,386)
LexToken(LPAREN,'(',19,391)
LexToken(STRING_LITERAL,'Input an integer: ',19,392)
LexToken(RPAREN,')',19,412)
LexToken(SEMI,';',19,413)
LexToken(READ,'read',20,419)
LexToken(LPAREN,'(',20,423)
LexToken(ID,'n',20,424)
LexToken(RPAREN,')',20,425)
LexToken(SEMI,';',20,426)
LexToken(ID,'temp',21,432)
LexToken(EQUALS,'=',21,437)
LexToken(ID,'n',21,439)
LexToken(SEMI,';',21,440)
LexToken(WHILE,'while',22,446)
LexToken(LPAREN,'(',22,452)
LexToken(ID,'temp',22,453)
LexToken(NE,'!=',22,458)
LexToken(INT_CONST,'0',22,461)
LexToken(RPAREN,')',22,462)
LexToken(LBRACE,'{',22,464)
LexToken(ID,'digits',23,474)
LexToken(PLUSEQUAL,'+=',23,481)
LexToken(INT_CONST,'1',23,484)
LexToken(SEMI,';',23,485)
LexToken(ID,'temp',24,495)
LexToken(EQUALS,'=',24,500)
LexToken(ID,'temp',24,502)
LexToken(DIVIDE,'/',24,507)
LexToken(INT_CONST,'10',24,509)
LexToken(SEMI,';',24,511)
LexToken(RBRACE,'}',25,517)
LexToken(ID,'temp',26,523)
LexToken(EQUALS,'=',26,528)
LexToken(ID,'n',26,530)
LexToken(SEMI,';',26,531)
LexToken(WHILE,'while',27,537)
LexToken(LPAREN,'(',27,543)
LexToken(ID,'temp',27,544)
LexToken(NE,'!=',27,549)
LexToken(INT_CONST,'0',27,552)
LexToken(RPAREN,')',27,553)
LexToken(LBRACE,'{',27,555)
LexToken(ID,'remainder',28,565)
LexToken(EQUALS,'=',28,575)
LexToken(ID,'temp',28,577)
LexToken(MOD,'%',28,582)
LexToken(INT_CONST,'10',28,584)
LexToken(SEMI,';',28,586)
LexToken(ID,'sum',29,596)
LexToken(EQUALS,'=',29,600)
LexToken(ID,'sum',29,602)
LexToken(PLUS,'+',29,606)
LexToken(ID,'power',29,608)
LexToken(LPAREN,'(',29,613)
LexToken(ID,'remainder',29,614)
LexToken(COMMA,',',29,623)
LexToken(ID,'digits',29,625)
LexToken(RPAREN,')',29,631)
LexToken(SEMI,';',29,632)
LexToken(ID,'temp',30,642)
LexToken(EQUALS,'=',30,647)
LexToken(ID,'temp',30,649)
LexToken(DIVIDE,'/',30,654)
LexToken(INT_CONST,'10',30,656)
LexToken(SEMI,';',30,658)
LexToken(RBRACE,'}',31,664)
LexToken(IF,'if',32,670)
LexToken(LPAREN,'(',32,673)
LexToken(ID,'n',32,674)
LexToken(EQ,'==',32,676)
LexToken(ID,'sum',32,679)
LexToken(RPAREN,')',32,682)
LexToken(PRINT,'print',33,692)
LexToken(LPAREN,'(',33,697)
LexToken(ID,'n',33,698)
LexToken(COMMA,',',33,699)
LexToken(STRING_LITERAL,' is an Armstrong number.\\n',33,701)
LexToken(RPAREN,')',33,729)
LexToken(SEMI,';',33,730)
LexToken(ELSE,'else',34,736)
LexToken(PRINT,'print',35,749)
LexToken(LPAREN,'(',35,754)
LexToken(ID,'n',35,755)
LexToken(COMMA,',',35,756)
LexToken(STRING_LITERAL,' is not an Armstrong number.\\n',35,758)
LexToken(RPAREN,')',35,790)
LexToken(SEMI,';',35,791)
LexToken(RETURN,'return',36,797)
LexToken(INT_CONST,'0',36,804)
LexToken(SEMI,';',36,805)
LexToken(RBRACE,'}',37,807)
