LexToken(INT,'int',1,0)
LexToken(ID,'main',1,4)
LexToken(LPAREN,'(',1,8)
LexToken(RPAREN,')',1,9)
LexToken(LBRACE,'{',1,10)
LexToken(FLOAT,'float',2,16)
LexToken(ID,'t',2,22)
LexToken(EQUALS,'=',2,24)
Lexical error: Illegal character '.' at 2:15
LexToken(FLOAT_CONST,'.0',2,27)
LexToken(SEMI,';',2,29)
LexToken(RETURN,'return',3,35)
LexToken(INT_CONST,'0',3,42)
LexToken(SEMI,';',3,43)
LexToken(RBRACE,'}',4,45)
