LexToken(INT,'int',4,109)
LexToken(ID,'add',4,113)
LexToken(LPAREN,'(',4,116)
LexToken(INT,'int',4,117)
LexToken(ID,'x',4,121)
LexToken(COMMA,',',4,122)
LexToken(INT,'int',4,124)
LexToken(ID,'y',4,128)
LexToken(RPAREN,')',4,129)
LexToken(LBRACE,'{',4,131)
LexToken(RETURN,'return',5,137)
LexToken(ID,'x',5,144)
LexToken(PLUS,'+',5,146)
LexToken(ID,'y',5,148)
LexToken(SEMI,';',5,149)
LexToken(RBRACE,'}',6,151)
LexToken(INT,'int',8,154)
LexToken(ID,'subtract',8,158)
LexToken(LPAREN,'(',8,166)
LexToken(INT,'int',8,167)
LexToken(ID,'x',8,171)
LexToken(COMMA,',',8,172)
LexToken(INT,'int',8,174)
LexToken(ID,'y',8,178)
LexToken(RPAREN,')',8,179)
LexToken(LBRACE,'{',8,181)
LexToken(RETURN,'return',9,187)
LexToken(ID,'x',9,194)
LexToken(MINUS,'-',9,196)
LexToken(ID,'y',9,198)
LexToken(SEMI,';',9,199)
LexToken(RBRACE,'}',10,201)
LexToken(INT,'int',12,204)
LexToken(ID,'main',12,208)
LexToken(LPAREN,'(',12,212)
LexToken(RPAREN,')',12,213)
LexToken(LBRACE,'{',12,215)
LexToken(INT,'int',13,220)
LexToken(ID,'foo',13,225)
LexToken(EQUALS,'=',13,229)
LexToken(INT_CONST,'1',13,231)
LexToken(COMMA,',',13,232)
LexToken(ID,'bar',13,234)
LexToken(EQUALS,'=',13,238)
LexToken(INT_CONST,'1',13,240)
LexToken(SEMI,';',13,241)
LexToken(PRINT,'print',14,246)
LexToken(LPAREN,'(',14,251)
LexToken(ID,'foo',14,252)
LexToken(COMMA,',',14,255)
LexToken(STRING_LITERAL,' + ',14,257)
LexToken(COMMA,',',14,262)
LexToken(ID,'bar',14,264)
LexToken(COMMA,',',14,267)
LexToken(STRING_LITERAL,' = ',14,269)
LexToken(COMMA,',',14,274)
LexToken(ID,'add',14,276)
LexToken(LPAREN,'(',14,279)
LexToken(ID,'foo',14,280)
LexToken(COMMA,',',14,283)
LexToken(ID,'bar',14,285)
LexToken(RPAREN,')',14,288)
LexToken(COMMA,',',14,289)
LexToken(STRING_LITERAL,'\\n',14,291)
LexToken(RPAREN,')',14,295)
LexToken(SEMI,';',14,296)
LexToken(PRINT,'print',15,301)
LexToken(LPAREN,'(',15,306)
LexToken(ID,'foo',15,307)
LexToken(COMMA,',',15,310)
LexToken(STRING_LITERAL,' - ',15,312)
LexToken(COMMA,',',15,317)
LexToken(ID,'bar',15,319)
LexToken(COMMA,',',15,322)
LexToken(STRING_LITERAL,' = ',15,324)
LexToken(COMMA,',',15,329)
LexToken(ID,'subtract',15,331)
LexToken(LPAREN,'(',15,339)
LexToken(ID,'foo',15,340)
LexToken(COMMA,',',15,343)
LexToken(ID,'bar',15,345)
LexToken(RPAREN,')',15,348)
LexToken(COMMA,',',15,349)
LexToken(STRING_LITERAL,'\\n',15,351)
LexToken(RPAREN,')',15,355)
LexToken(SEMI,';',15,356)
LexToken(RETURN,'return',16,361)
LexToken(INT_CONST,'0',16,368)
LexToken(SEMI,';',16,369)
LexToken(RBRACE,'}',17,371)
