LexToken(INT,'int',1,0)
LexToken(ID,'f',1,4)
LexToken(LPAREN,'(',1,5)
LexToken(INT,'int',1,6)
LexToken(ID,'m',1,10)
LexToken(COMMA,',',1,11)
LexToken(FLOAT,'float',1,13)
LexToken(ID,'n',1,19)
LexToken(RPAREN,')',1,20)
LexToken(LBRACE,'{',1,22)
LexToken(IF,'if',2,28)
LexToken(LPAREN,'(',2,31)
LexToken(NOT,'!',2,32)
LexToken(ID,'n',2,34)
LexToken(LT,'<',2,36)
LexToken(INT_CONST,'2',2,38)
LexToken(RPAREN,')',2,39)
LexToken(LBRACE,'{',2,41)
LexToken(ID,'n',3,51)
LexToken(TIMESEQUAL,'*=',3,53)
LexToken(INT_CONST,'2',3,56)
LexToken(SEMI,';',3,57)
LexToken(RETURN,'return',4,67)
LexToken(ID,'n',4,74)
LexToken(SEMI,';',4,75)
LexToken(RBRACE,'}',5,81)
LexToken(ELSE,'else',6,87)
LexToken(LBRACE,'{',6,92)
LexToken(ID,'m',7,102)
LexToken(MODEQUAL,'%=',7,104)
LexToken(INT_CONST,'2',7,107)
LexToken(SEMI,';',7,108)
LexToken(RETURN,'return',8,118)
LexToken(ID,'m',8,125)
LexToken(SEMI,';',8,126)
LexToken(RBRACE,'}',9,132)
LexToken(RBRACE,'}',10,134)
LexToken(INT,'int',12,137)
LexToken(ID,'main',12,141)
LexToken(LPAREN,'(',12,145)
LexToken(RPAREN,')',12,146)
LexToken(LBRACE,'{',12,148)
LexToken(INT,'int',13,154)
LexToken(ID,'m',13,158)
LexToken(EQUALS,'=',13,160)
LexToken(INT_CONST,'9',13,162)
LexToken(SEMI,';',13,163)
LexToken(FLOAT,'float',14,169)
LexToken(ID,'n',14,175)
LexToken(EQUALS,'=',14,177)
LexToken(FLOAT_CONST,'4.0',14,179)
LexToken(SEMI,';',14,182)
LexToken(PRINT,'print',15,188)
LexToken(LPAREN,'(',15,193)
LexToken(ID,'f',15,194)
LexToken(LPAREN,'(',15,195)
LexToken(ID,'m',15,196)
LexToken(COMMA,',',15,197)
LexToken(ID,'n',15,199)
LexToken(RPAREN,')',15,200)
LexToken(RPAREN,')',15,201)
LexToken(SEMI,';',15,202)
LexToken(RETURN,'return',16,208)
LexToken(INT_CONST,'0',16,215)
LexToken(SEMI,';',16,216)
LexToken(RBRACE,'}',17,218)
