LexToken(INT,'int',1,0)
LexToken(ID,'f',1,4)
LexToken(LPAREN,'(',1,5)
LexToken(INT,'int',1,6)
LexToken(ID,'m',1,10)
LexToken(COMMA,',',1,11)
LexToken(FLOAT,'float',1,13)
LexToken(ID,'n',1,19)
LexToken(RPAREN,')',1,20)
LexToken(LBRACE,'{',1,22)
LexToken(IF,'if',2,28)
LexToken(LPAREN,'(',2,31)
LexToken(NOT,'!',2,32)
LexToken(ID,'n',2,34)
LexToken(GE,'>=',2,36)
LexToken(INT_CONST,'2',2,39)
LexToken(RPAREN,')',2,40)
LexToken(LBRACE,'{',2,42)
LexToken(ID,'n',3,52)
LexToken(MINUSEQUAL,'-=',3,54)
LexToken(INT_CONST,'2',3,57)
LexToken(SEMI,';',3,58)
LexToken(RETURN,'return',4,68)
LexToken(ID,'n',4,75)
LexToken(SEMI,';',4,76)
LexToken(RBRACE,'}',5,82)
LexToken(ELSE,'else',6,88)
LexToken(LBRACE,'{',6,93)
LexToken(ID,'m',7,103)
LexToken(MINUSMINUS,'--',7,104)
LexToken(SEMI,';',7,106)
LexToken(RETURN,'return',8,116)
LexToken(ID,'m',8,123)
LexToken(SEMI,';',8,124)
LexToken(RBRACE,'}',9,130)
LexToken(RBRACE,'}',10,132)
LexToken(INT,'int',12,135)
LexToken(ID,'main',12,139)
LexToken(LPAREN,'(',12,143)
LexToken(RPAREN,')',12,144)
LexToken(LBRACE,'{',12,146)
LexToken(INT,'int',13,152)
LexToken(ID,'m',13,156)
LexToken(EQUALS,'=',13,158)
LexToken(MINUS,'-',13,160)
LexToken(INT_CONST,'9',13,161)
LexToken(SEMI,';',13,162)
LexToken(FLOAT,'float',14,168)
LexToken(ID,'n',14,174)
LexToken(EQUALS,'=',14,176)
LexToken(MINUS,'-',14,178)
LexToken(FLOAT_CONST,'4.0',14,179)
LexToken(SEMI,';',14,182)
LexToken(PRINT,'print',15,188)
LexToken(LPAREN,'(',15,193)
LexToken(ID,'f',15,194)
LexToken(LPAREN,'(',15,195)
LexToken(ID,'m',15,196)
LexToken(COMMA,',',15,197)
LexToken(ID,'n',15,199)
LexToken(RPAREN,')',15,200)
LexToken(RPAREN,')',15,201)
LexToken(SEMI,';',15,202)
LexToken(RETURN,'return',16,208)
LexToken(INT_CONST,'0',16,215)
LexToken(SEMI,';',16,216)
LexToken(RBRACE,'}',17,218)
